Archive member included because of file (symbol)

/media/BBB/lib/gcc/arm-linux-gnueabihf/4.9.1/libgcc.a(_udivsi3.o)
                              libpcsxcore/cdriso.o (__aeabi_uidiv)
/media/BBB/lib/gcc/arm-linux-gnueabihf/4.9.1/libgcc.a(_divsi3.o)
                              libpcsxcore/psxinterpreter.o (__aeabi_idiv)
/media/BBB/lib/gcc/arm-linux-gnueabihf/4.9.1/libgcc.a(_aeabi_uldivmod.o)
                              libpcsxcore/cdriso.o (__aeabi_uldivmod)
/media/BBB/lib/gcc/arm-linux-gnueabihf/4.9.1/libgcc.a(_dvmd_lnx.o)
                              /media/BBB/lib/gcc/arm-linux-gnueabihf/4.9.1/libgcc.a(_udivsi3.o) (__aeabi_idiv0)
/media/BBB/lib/gcc/arm-linux-gnueabihf/4.9.1/libgcc.a(_clear_cache.o)
                              libpcsxcore/new_dynarec/new_dynarec.o (__clear_cache)
/media/BBB/lib/gcc/arm-linux-gnueabihf/4.9.1/libgcc.a(bpabi.o)
                              /media/BBB/lib/gcc/arm-linux-gnueabihf/4.9.1/libgcc.a(_aeabi_uldivmod.o) (__gnu_uldivmod_helper)
/media/BBB/lib/gcc/arm-linux-gnueabihf/4.9.1/libgcc.a(_divdi3.o)
                              /media/BBB/lib/gcc/arm-linux-gnueabihf/4.9.1/libgcc.a(bpabi.o) (__divdi3)
/media/BBB/lib/gcc/arm-linux-gnueabihf/4.9.1/libgcc.a(_udivdi3.o)
                              /media/BBB/lib/gcc/arm-linux-gnueabihf/4.9.1/libgcc.a(bpabi.o) (__udivdi3)
/usr/lib/arm-linux-gnueabihf/libc_nonshared.a(elf-init.oS)
                              /usr/lib/arm-linux-gnueabihf/crt1.o (__libc_csu_init)

Allocating common symbols
Common symbol       size              file

CDR_getStatus       0x4               libpcsxcore/plugins.o
spuMem              0x80000           plugins/dfsound/spu.o
pl_plat_hud_print   0x4               frontend/plugin_lib.o
GPU_clearDynarec    0x4               libpcsxcore/plugins.o
insn                0xa000            libpcsxcore/new_dynarec/new_dynarec.o
PAD1_setSensitive   0x4               libpcsxcore/plugins.o
ffile               0x40              libpcsxcore/psxbios.o
NET_recvPadData     0x4               libpcsxcore/plugins.o
g_layer_y           0x4               frontend/plugin_lib.o
PAD2_query          0x4               libpcsxcore/plugins.o
PAD2_close          0x4               libpcsxcore/plugins.o
PAD1_about          0x4               libpcsxcore/plugins.o
cycle_multiplier    0x4               libpcsxcore/new_dynarec/new_dynarec.o
cfgfile_basename    0x100             frontend/main.o
SPU_init            0x4               libpcsxcore/plugins.o
plat_sdl_resize_cb  0x4               frontend/libpicofe/plat_sdl.o
soft_filter         0x4               frontend/menu.o
CDR_configure       0x4               libpcsxcore/plugins.o
PAD2_setSensitive   0x4               libpcsxcore/plugins.o
cdr                 0x89d8            libpcsxcore/cdrom.o
GPU_makeSnapshot    0x4               libpcsxcore/plugins.o
emu_action          0x4               frontend/main.o
new_dynarec_hacks   0x4               libpcsxcore/new_dynarec/new_dynarec.o
jump_in             0x4000            libpcsxcore/new_dynarec/new_dynarec.o
g_layer_h           0x4               frontend/plugin_lib.o
plat_target         0x30              frontend/libpicofe/plat_dummy.o
in_state_gun        0x4               frontend/plugin_lib.o
ccadj               0x4000            libpcsxcore/new_dynarec/new_dynarec.o
is_delayslot        0x4               libpcsxcore/new_dynarec/new_dynarec.o
cdimg_read_func     0x4               libpcsxcore/cdriso.o
SPU_about           0x4               libpcsxcore/plugins.o
GPU_writeData       0x4               libpcsxcore/plugins.o
CDR_open            0x4               libpcsxcore/plugins.o
linkcount           0x4               libpcsxcore/new_dynarec/new_dynarec.o
vertexes            0x40              plugins/gpu_neon/psx_gpu_if.o
ooo                 0x1000            libpcsxcore/new_dynarec/new_dynarec.o
rvb                 0xfc              plugins/dfsound/spu.o
instr_addr          0x4000            libpcsxcore/new_dynarec/new_dynarec.o
pSpuBuffer          0x4               plugins/dfsound/spu.o
NET_init            0x4               libpcsxcore/plugins.o
GPU_init            0x4               libpcsxcore/plugins.o
PAD1_init           0x4               libpcsxcore/plugins.o
start               0x4               libpcsxcore/new_dynarec/new_dynarec.o
PAD2_startPoll      0x4               libpcsxcore/plugins.o
psxMapHook          0x4               libpcsxcore/psxmem.o
PAD1_configure      0x4               libpcsxcore/plugins.o
CDR_readCDDA        0x4               libpcsxcore/plugins.o
rs2                 0x1000            libpcsxcore/new_dynarec/new_dynarec.o
rt2                 0x1000            libpcsxcore/new_dynarec/new_dynarec.o
Mcd2Data            0x20000           libpcsxcore/sio.o
decode_pos          0x4               plugins/dfsound/spu.o
pl_plat_clear       0x4               frontend/plugin_lib.o
bt                  0x1000            libpcsxcore/new_dynarec/new_dynarec.o
biosB0              0x400             libpcsxcore/psxbios.o
[...]
Memory Configuration

Name             Origin             Length             Attributes
*default*        0x00000000         0xffffffff

Linker script and memory map

LOAD /usr/lib/arm-linux-gnueabihf/crt1.o
LOAD /usr/lib/arm-linux-gnueabihf/crti.o
LOAD /media/BBB/lib/gcc/arm-linux-gnueabihf/4.9.1/crtbegin.o
LOAD libpcsxcore/cdriso.o
LOAD libpcsxcore/cdrom.o
LOAD libpcsxcore/cheat.o
LOAD libpcsxcore/debug.o
LOAD libpcsxcore/decode_xa.o
LOAD libpcsxcore/disr3000a.o
LOAD libpcsxcore/mdec.o
LOAD libpcsxcore/misc.o
LOAD libpcsxcore/plugins.o
LOAD libpcsxcore/ppf.o
LOAD libpcsxcore/psxbios.o
LOAD libpcsxcore/psxcommon.o
LOAD libpcsxcore/psxcounters.o
LOAD libpcsxcore/psxdma.o
LOAD libpcsxcore/psxhle.o
LOAD libpcsxcore/psxhw.o
LOAD libpcsxcore/psxinterpreter.o
LOAD libpcsxcore/psxmem.o
LOAD libpcsxcore/r3000a.o
LOAD libpcsxcore/sio.o
LOAD libpcsxcore/socket.o
LOAD libpcsxcore/spu.o
LOAD libpcsxcore/gte.o
LOAD libpcsxcore/gte_nf.o
LOAD libpcsxcore/gte_divider.o
LOAD libpcsxcore/gte_arm.o
LOAD libpcsxcore/gte_neon.o
LOAD libpcsxcore/new_dynarec/new_dynarec.o
LOAD libpcsxcore/new_dynarec/linkage_arm.o
LOAD libpcsxcore/new_dynarec/pcsxmem.o
LOAD libpcsxcore/new_dynarec/emu_if.o
LOAD plugins/dfsound/dma.o
LOAD plugins/dfsound/freeze.o
LOAD plugins/dfsound/registers.o
LOAD plugins/dfsound/spu.o
LOAD plugins/dfsound/out.o
LOAD plugins/dfsound/nullsnd.o
LOAD plugins/dfsound/arm_utils.o
LOAD plugins/dfsound/oss.o
LOAD plugins/dfsound/sdl.o
LOAD plugins/gpulib/gpu.o
LOAD plugins/gpulib/vout_pl.o
LOAD plugins/gpu_neon/psx_gpu_if.o
LOAD plugins/gpu_neon/psx_gpu/psx_gpu_arm_neon.o
LOAD plugins/cdrcimg/cdrcimg.o
LOAD plugins/dfinput/main.o
LOAD plugins/dfinput/pad.o
LOAD plugins/dfinput/guncon.o
LOAD frontend/cspace.o
LOAD frontend/cspace_neon.o
LOAD frontend/libpicofe/in_sdl.o
LOAD frontend/libpicofe/plat_sdl.o
LOAD frontend/libpicofe/plat_dummy.o
LOAD frontend/libpicofe/linux/in_evdev.o
LOAD frontend/plat_sdl.o
LOAD frontend/plugin_lib.o
LOAD frontend/libpicofe/linux/plat.o
LOAD frontend/libpicofe/readpng.o
LOAD frontend/libpicofe/fonts.o
LOAD frontend/libpicofe/arm/neon_scale2x.o
LOAD frontend/libpicofe/arm/neon_eagle2x.o
LOAD frontend/menu.o
LOAD frontend/libpicofe/input.o
LOAD frontend/main.o
LOAD frontend/plugin.o
LOAD /media/BBB//lib/libSDL.so
LOAD /usr/lib/arm-linux-gnueabihf/libpthread.so
START GROUP
LOAD /lib/arm-linux-gnueabihf/libpthread.so.0
LOAD /usr/lib/arm-linux-gnueabihf/libpthread_nonshared.a
END GROUP
LOAD /usr/lib/arm-linux-gnueabihf/libpng.so
LOAD /usr/lib/arm-linux-gnueabihf/libdl.so
LOAD /usr/lib/arm-linux-gnueabihf/libm.so
LOAD /usr/lib/arm-linux-gnueabihf/libpthread.so
START GROUP
LOAD /lib/arm-linux-gnueabihf/libpthread.so.0
LOAD /usr/lib/arm-linux-gnueabihf/libpthread_nonshared.a
END GROUP
LOAD /usr/lib/arm-linux-gnueabihf/libz.so
LOAD /media/BBB/lib/gcc/arm-linux-gnueabihf/4.9.1/libgcc.a
LOAD /media/BBB//lib/libgcc_s.so
START GROUP
LOAD /media/BBB//lib/libgcc_s.so.1
LOAD /media/BBB/lib/gcc/arm-linux-gnueabihf/4.9.1/libgcc.a
END GROUP
LOAD /usr/lib/arm-linux-gnueabihf/libc.so
START GROUP
LOAD /lib/arm-linux-gnueabihf/libc.so.6
LOAD /usr/lib/arm-linux-gnueabihf/libc_nonshared.a
LOAD /lib/arm-linux-gnueabihf/ld-linux-armhf.so.3
END GROUP
LOAD /media/BBB/lib/gcc/arm-linux-gnueabihf/4.9.1/libgcc.a
LOAD /media/BBB//lib/libgcc_s.so
START GROUP
LOAD /media/BBB//lib/libgcc_s.so.1
LOAD /media/BBB/lib/gcc/arm-linux-gnueabihf/4.9.1/libgcc.a
END GROUP
LOAD /media/BBB/lib/gcc/arm-linux-gnueabihf/4.9.1/crtend.o
LOAD /usr/lib/arm-linux-gnueabihf/crtn.o
                0x00008000                PROVIDE (__executable_start, 0x8000)
                0x00008134                . = (0x8000 + SIZEOF_HEADERS)

.interp         0x00008134       0x19
 *(.interp)
 .interp        0x00008134       0x19 /usr/lib/arm-linux-gnueabihf/crt1.o

.note.ABI-tag   0x00008150       0x20
 .note.ABI-tag  0x00008150       0x20 /usr/lib/arm-linux-gnueabihf/crt1.o

.note.gnu.build-id
 *(.note.gnu.build-id)

.hash           0x00008170      0x4cc
 *(.hash)
 .hash          0x00008170      0x4cc /usr/lib/arm-linux-gnueabihf/crt1.o

.gnu.hash
 *(.gnu.hash)

.dynsym         0x0000863c      0xae0
 *(.dynsym)
 .dynsym        0x0000863c      0xae0 /usr/lib/arm-linux-gnueabihf/crt1.o

.dynstr         0x0000911c      0x770
 *(.dynstr)
 .dynstr        0x0000911c      0x770 /usr/lib/arm-linux-gnueabihf/crt1.o

.gnu.version    0x0000988c      0x15c
 *(.gnu.version)
 .gnu.version   0x0000988c      0x15c /usr/lib/arm-linux-gnueabihf/crt1.o

.gnu.version_d  0x000099e8        0x0
 *(.gnu.version_d)
 .gnu.version_d
                0x00000000        0x0 /usr/lib/arm-linux-gnueabihf/crt1.o

.gnu.version_r  0x000099e8       0x80
 *(.gnu.version_r)
 .gnu.version_r
                0x000099e8       0x80 /usr/lib/arm-linux-gnueabihf/crt1.o

.rel.dyn        0x00009a68       0x20
 *(.rel.init)
 *(.rel.text .rel.text.* .rel.gnu.linkonce.t.*)
 *(.rel.fini)
 *(.rel.rodata .rel.rodata.* .rel.gnu.linkonce.r.*)
 *(.rel.data.rel.ro* .rel.gnu.linkonce.d.rel.ro.*)
 *(.rel.data .rel.data.* .rel.gnu.linkonce.d.*)
 *(.rel.tdata .rel.tdata.* .rel.gnu.linkonce.td.*)
 *(.rel.tbss .rel.tbss.* .rel.gnu.linkonce.tb.*)
 *(.rel.ctors)
 *(.rel.dtors)
 *(.rel.got)
 .rel.got       0x00009a68        0x8 /usr/lib/arm-linux-gnueabihf/crt1.o
 *(.rel.bss .rel.bss.* .rel.gnu.linkonce.b.*)
 .rel.bss       0x00009a70       0x18 /usr/lib/arm-linux-gnueabihf/crt1.o
                0x00009a88                PROVIDE (__rel_iplt_start, .)
 *(.rel.iplt)
 .rel.iplt      0x00000000        0x0 /usr/lib/arm-linux-gnueabihf/crt1.o
                0x00009a88                PROVIDE (__rel_iplt_end, .)
                0x00009a88                PROVIDE (__rela_iplt_start, .)
                0x00009a88                PROVIDE (__rela_iplt_end, .)

.rela.dyn       0x00009a88        0x0
 *(.rela.init)
 *(.rela.text .rela.text.* .rela.gnu.linkonce.t.*)
 *(.rela.fini)
 *(.rela.rodata .rela.rodata.* .rela.gnu.linkonce.r.*)
 *(.rela.data .rela.data.* .rela.gnu.linkonce.d.*)
 *(.rela.tdata .rela.tdata.* .rela.gnu.linkonce.td.*)
 *(.rela.tbss .rela.tbss.* .rela.gnu.linkonce.tb.*)
 *(.rela.ctors)
 *(.rela.dtors)
 *(.rela.got)
 *(.rela.bss .rela.bss.* .rela.gnu.linkonce.b.*)
                0x00009a88                PROVIDE (__rel_iplt_start, .)
                0x00009a88                PROVIDE (__rel_iplt_end, .)
                0x00009a88                PROVIDE (__rela_iplt_start, .)
 *(.rela.iplt)
                0x00009a88                PROVIDE (__rela_iplt_end, .)

.rel.plt        0x00009a88      0x4f0
 *(.rel.plt)
 .rel.plt       0x00009a88      0x4f0 /usr/lib/arm-linux-gnueabihf/crt1.o

.rela.plt
 *(.rela.plt)

.init           0x00009f78        0xa
 *(.init)
 .init          0x00009f78        0x8 /usr/lib/arm-linux-gnueabihf/crti.o
                0x00009f78                _init
 .init          0x00009f80        0x2 /usr/lib/arm-linux-gnueabihf/crtn.o

.plt            0x00009f84      0x780
 *(.plt)
 .plt           0x00009f84      0x780 /usr/lib/arm-linux-gnueabihf/crt1.o
                0x00009f98                open@@GLIBC_2.4
                0x00009fa4                SDL_JoystickOpen
                0x00009fb0                qsort@@GLIBC_2.4
                0x00009fbc                png_write_info@@PNG12_0
                0x00009fc8                strerror@@GLIBC_2.4
                0x00009fd4                SDL_PeepEvents
                0x00009fe0                __ctype_toupper_loc@@GLIBC_2.4
                0x00009fec                mkdir@@GLIBC_2.4
                0x00009ff8                png_destroy_read_struct@@PNG12_0
                0x0000a004                mmap@@GLIBC_2.4
                0x0000a010                inflateReset
                0x0000a01c                abort@@GLIBC_2.4
                0x0000a028                strcasestr@@GLIBC_2.4
                0x0000a034                localtime@@GLIBC_2.4
                0x0000a040                opendir@@GLIBC_2.4
                0x0000a04c                memcmp@@GLIBC_2.4
                0x0000a058                pthread_attr_setdetachstate@@GLIBC_2.4
                0x0000a064                png_set_IHDR@@PNG12_0
                0x0000a070                pthread_exit@@GLIBC_2.4
                0x0000a07c                __xstat@@GLIBC_2.4
                0x0000a088                __libc_start_main@@GLIBC_2.4
                0x0000a094                mremap@@GLIBC_2.4
                0x0000a0a0                signal@@GLIBC_2.4
                0x0000a0ac                SDL_JoystickName
                0x0000a0b8                SDL_WM_SetCaption
                0x0000a0d4                gzopen
                0x0000a0e0                vsnprintf@@GLIBC_2.4
                0x0000a0ec                gzclose
                0x0000a0f8                strncpy@@GLIBC_2.4
                0x0000a104                fclose@@GLIBC_2.4
                0x0000a110                fgets@@GLIBC_2.4
                0x0000a11c                SDL_FreeYUVOverlay
                0x0000a128                recv@@GLIBC_2.4
                0x0000a134                getenv@@GLIBC_2.4
                0x0000a140                _IO_getc@@GLIBC_2.4
                0x0000a14c                png_get_rows@@PNG12_0
                0x0000a158                strchr@@GLIBC_2.4
                0x0000a164                putchar@@GLIBC_2.4
                0x0000a170                strcasecmp@@GLIBC_2.4
                0x0000a17c                listen@@GLIBC_2.4
                0x0000a188                calloc@@GLIBC_2.4
                0x0000a194                scandir@@GLIBC_2.4
                0x0000a1a0                stpcpy@@GLIBC_2.4
                0x0000a1ac                png_create_info_struct@@PNG12_0
                0x0000a1b8                dlclose@@GLIBC_2.4
                0x0000a1c4                fopen@@GLIBC_2.4
                0x0000a1d0                SDL_UnlockSurface
                0x0000a1dc                memset@@GLIBC_2.4
                0x0000a1e8                png_create_write_struct@@PNG12_0
                0x0000a1f4                SDL_InitSubSystem
                0x0000a200                SDL_LockSurface
                0x0000a20c                png_get_image_height@@PNG12_0
                0x0000a218                strrchr@@GLIBC_2.4
                0x0000a224                perror@@GLIBC_2.4
                0x0000a230                SDL_VideoDriverName
                0x0000a23c                gzseek
                0x0000a248                dlopen@@GLIBC_2.4
                0x0000a254                SDL_JoystickEventState
                0x0000a260                png_get_image_width@@PNG12_0
                0x0000a26c                SDL_SetVideoMode
                0x0000a278                SDL_NumJoysticks
                0x0000a284                inflateInit2_
                0x0000a290                usleep@@GLIBC_2.4
                0x0000a29c                png_write_end@@PNG12_0
                0x0000a2a8                SDL_LockYUVOverlay
                0x0000a2b4                inflate
                0x0000a2c0                png_init_io@@PNG12_0
                0x0000a2cc                free@@GLIBC_2.4
                0x0000a2d8                read@@GLIBC_2.4
                0x0000a2e4                write@@GLIBC_2.4
                0x0000a2f0                gzwrite
                0x0000a2fc                SDL_PumpEvents
                0x0000a308                gettimeofday@@GLIBC_2.4
                0x0000a314                fseek@@GLIBC_2.4
                0x0000a320                accept@@GLIBC_2.4
                0x0000a32c                png_write_image@@PNG12_0
                0x0000a338                SDL_GetVideoInfo
                0x0000a344                socket@@GLIBC_2.4
                0x0000a350                fflush@@GLIBC_2.4
                0x0000a35c                SDL_Init
                0x0000a368                _setjmp@@GLIBC_2.4
                0x0000a374                ioctl@@GLIBC_2.4
                0x0000a380                strlen@@GLIBC_2.4
                0x0000a38c                sscanf@@GLIBC_2.4
                0x0000a398                SDL_OpenAudio
                0x0000a3a4                strtoul@@GLIBC_2.4
                0x0000a3b0                pthread_create@@GLIBC_2.4
                0x0000a3bc                memcpy@@GLIBC_2.4
                0x0000a3c8                png_destroy_write_struct@@PNG12_0
                0x0000a3d4                setlocale@@GLIBC_2.4
                0x0000a3e0                feof@@GLIBC_2.4
                0x0000a3ec                ftell@@GLIBC_2.4
                0x0000a3f8                fgetc@@GLIBC_2.4
                0x0000a404                strtol@@GLIBC_2.4
                0x0000a410                strcpy@@GLIBC_2.4
                0x0000a41c                strncat@@GLIBC_2.4
                0x0000a428                printf@@GLIBC_2.4
                0x0000a434                raise@@GLIBC_2.4
                0x0000a440                SDL_DisplayYUVOverlay
                0x0000a44c                alphasort@@GLIBC_2.4
                0x0000a458                shutdown@@GLIBC_2.4
                0x0000a464                bind@@GLIBC_2.4
                0x0000a470                strstr@@GLIBC_2.4
                0x0000a47c                select@@GLIBC_2.4
                0x0000a488                close@@GLIBC_2.4
                0x0000a494                fwrite@@GLIBC_2.4
                0x0000a4a0                closedir@@GLIBC_2.4
                0x0000a4ac                strncasecmp@@GLIBC_2.4
                0x0000a4b8                remove@@GLIBC_2.4
                0x0000a4c4                time@@GLIBC_2.4
                0x0000a4d0                __ctype_b_loc@@GLIBC_2.4
                0x0000a4dc                __xstat64@@GLIBC_2.4
                0x0000a4e8                fprintf@@GLIBC_2.4
                0x0000a4f4                malloc@@GLIBC_2.4
                0x0000a500                SDL_CloseAudio
                0x0000a50c                SDL_PauseAudio
                0x0000a518                pthread_attr_init@@GLIBC_2.4
                0x0000a524                dlerror@@GLIBC_2.4
                0x0000a530                fputc@@GLIBC_2.4
                0x0000a53c                strtok@@GLIBC_2.4
                0x0000a548                getcwd@@GLIBC_2.4
                0x0000a554                SDL_UnlockYUVOverlay
                0x0000a560                sleep@@GLIBC_2.4
                0x0000a56c                send@@GLIBC_2.4
                0x0000a578                png_read_png@@PNG12_0
                0x0000a584                memmove@@GLIBC_2.4
                0x0000a590                SDL_CreateYUVOverlay
                0x0000a59c                puts@@GLIBC_2.4
                0x0000a5a8                strftime@@GLIBC_2.4
                0x0000a5b4                png_create_read_struct@@PNG12_0
                0x0000a5c0                fcntl@@GLIBC_2.4
                0x0000a5cc                SDL_Flip
                0x0000a5d8                SDL_QuitSubSystem
                0x0000a5e4                SDL_Quit
                0x0000a5f0                readlink@@GLIBC_2.4
                0x0000a5fc                SDL_WasInit
                0x0000a608                png_get_bit_depth@@PNG12_0
                0x0000a614                lseek@@GLIBC_2.4
                0x0000a620                munmap@@GLIBC_2.4
                0x0000a62c                gzread
                0x0000a638                vfprintf@@GLIBC_2.4
                0x0000a644                snprintf@@GLIBC_2.4
                0x0000a650                SDL_JoystickClose
                0x0000a65c                fread@@GLIBC_2.4
                0x0000a668                SDL_GetError
                0x0000a674                strncmp@@GLIBC_2.4
                0x0000a680                ferror@@GLIBC_2.4
                0x0000a68c                realloc@@GLIBC_2.4
                0x0000a698                __strdup@@GLIBC_2.4
                0x0000a6a4                readdir@@GLIBC_2.4
                0x0000a6b0                uncompress
                0x0000a6bc                strcmp@@GLIBC_2.4
                0x0000a6c8                exit@@GLIBC_2.4
                0x0000a6d4                __errno_location@@GLIBC_2.4
                0x0000a6e0                dlsym@@GLIBC_2.4
                0x0000a6ec                sprintf@@GLIBC_2.4
                0x0000a6f8                pthread_join@@GLIBC_2.4

.iplt           0x0000a704        0x0
 *(.iplt)
 .iplt          0x00000000        0x0 /usr/lib/arm-linux-gnueabihf/crt1.o

.text           0x0000a710    0x9db04
 *(.text.unlikely .text.*_unlikely)
 *(.text.exit .text.exit.*)
 *(.text.startup .text.startup.*)
 .text.startup  0x0000a710      0x578 frontend/main.o
                0x0000a710                main
 *(.text.hot .text.hot.*)
 *(.text .stub .text.* .gnu.linkonce.t.*)
 .text          0x0000ac88       0x38 /usr/lib/arm-linux-gnueabihf/crt1.o
                0x0000ac88                _start
 .text          0x0000acc0       0x18 /usr/lib/arm-linux-gnueabihf/crti.o
 .text          0x0000acd8       0x90 /media/BBB/lib/gcc/arm-linux-gnueabihf/4.9.1/crtbegin.o
 .text          0x0000ad68     0x35a4 libpcsxcore/cdriso.o
                0x0000ae08                ISOreadCDDA
                0x0000e164                cdrIsoInit
                0x0000e2f4                cdrIsoActive
 .text          0x0000e30c     0x2d24 libpcsxcore/cdrom.o
                0x0000e8bc                cdrLidSeekInterrupt
                0x0000ec44                cdrPlayInterrupt
                0x0000eff0                cdrInterrupt
                0x000100f4                cdrAttenuate
                0x000101f0                cdrReadInterrupt
                0x000105a0                cdrRead0
                0x000105ec                cdrWrite0
                0x0001060c                cdrRead1
                0x0001068c                cdrWrite1
                0x00010988                cdrRead2
                0x000109b8                cdrWrite2
                0x00010a28                cdrRead3
                0x00010a5c                cdrWrite3
                0x00010b18                psxDma3
                0x00010d10                cdrDmaInterrupt
                0x00010d68                cdrReset
                0x00010dcc                cdrFreeze
                0x00010fc0                LidInterrupt
 .text          0x00011030     0x2064 libpcsxcore/cheat.o
                0x000110a4                ClearAllCheats
                0x0001113c                LoadCheats
                0x000113b8                SaveCheats
                0x000114b4                ApplyCheats
                0x000119b4                AddCheat
                0x00011bb0                RemoveCheat
                0x00011c24                EditCheat
                0x00011da0                FreeCheatSearchResults
                0x00011dd0                FreeCheatSearchMem
                0x00011df8                CheatSearchBackupMemory
                0x00011e40                CheatSearchEqual8
                0x00011f38                CheatSearchEqual16
                0x00012030                CheatSearchEqual32
                0x00012128                CheatSearchNotEqual8
                0x00012214                CheatSearchNotEqual16
                0x00012300                CheatSearchNotEqual32
                0x000123ec                CheatSearchRange8
                0x00012504                CheatSearchRange16
                0x0001261c                CheatSearchRange32
                0x00012734                CheatSearchIncreasedBy8
                0x000127bc                CheatSearchIncreasedBy16
                0x00012844                CheatSearchIncreasedBy32
                0x000128cc                CheatSearchDecreasedBy8
                0x00012954                CheatSearchDecreasedBy16
                0x000129dc                CheatSearchDecreasedBy32
                0x00012a64                CheatSearchIncreased8
                0x00012ae8                CheatSearchIncreased16
                0x00012b6c                CheatSearchIncreased32
                0x00012bf0                CheatSearchDecreased8
                0x00012c74                CheatSearchDecreased16
                0x00012cf8                CheatSearchDecreased32
                0x00012d7c                CheatSearchDifferent8
                0x00012e00                CheatSearchDifferent16
                0x00012e84                CheatSearchDifferent32
                0x00012f08                CheatSearchNoChange8
                0x00012f8c                CheatSearchNoChange16
                0x00013010                CheatSearchNoChange32
 .text          0x00013094     0x2e3c libpcsxcore/debug.o
                0x000130b4                add_breakpoint
                0x0001312c                delete_breakpoint
                0x00015508                next_breakpoint
                0x00015524                find_breakpoint
                0x00015564                StartDebugger
                0x000155d4                StopDebugger
                0x00015640                PauseDebugger
                0x0001565c                ResumeDebugger
                0x00015674                DebugVSync
                0x000156e4                MarkMap
                0x000156f4                IsMapMarked
                0x00015718                DebugCheckBP
                0x00015d8c                ProcessDebug
 .text          0x00015ed0     0x1240 libpcsxcore/decode_xa.o
                0x00017020                ADPCM_InitDecode
                0x00017030                xa_decode_sector
 .text          0x00017110     0x3898 libpcsxcore/disr3000a.o
                0x0001a980                disR3000AF
 .text          0x0001a9a8     0x2360 libpcsxcore/mdec.o
                0x0001c52c                mdecInit
                0x0001c584                mdecWrite0
                0x0001c594                mdecRead0
                0x0001c5a4                mdecWrite1
                0x0001c5cc                mdecRead1
                0x0001c5dc                psxDma0
                0x0001c854                mdec0Interrupt
                0x0001c8ac                psxDma1
                0x0001c8c0                mdec1Interrupt
                0x0001c9a0                mdecFreeze
 .text          0x0001cd08     0x2040 libpcsxcore/misc.o
                0x0001cdd4                mmssdd
                0x0001ce9c                GetCdromFile
                0x0001d14c                LoadCdrom
                0x0001d7cc                LoadCdromFile
                0x0001dc0c                CheckCdrom
                0x0001e154                fread_to_ram
                0x0001e1b4                Load
                0x0001e490                SaveState
                0x0001e6fc                LoadState
                0x0001e9a0                CheckState
                0x0001ea4c                SendPcsxInfo
                0x0001eb14                RecvPcsxInfo
                0x0001ec54                trim
                0x0001ecfc                calcCrc
 .text          0x0001ed48     0x224c libpcsxcore/plugins.o
                0x0001ed48                GPU__configure
                0x0001ed50                GPU__test
                0x0001ed58                GPU__about
                0x0001ed5c                GPU__makeSnapshot
                0x0001ed60                GPU__keypressed
                0x0001ed64                GPU__getScreenPic
                0x0001ed6c                GPU__showScreenPic
                0x0001ed74                GPU__clearDynarec
                0x0001ed78                GPU__vBlank
                0x0001ed7c                CDR__play
                0x0001ed84                CDR__stop
                0x0001ed8c                CDR__getDriveLetter
                0x0001ed94                CDR__configure
                0x0001ed9c                CDR__test
                0x0001eda4                CDR__about
                0x0001eda8                CDR__setfilename
                0x0001edb0                SPU__configure
                0x0001edb8                SPU__about
                0x0001edbc                SPU__test
                0x0001edc4                PAD1__poll
                0x0001edec                PAD1__configure
                0x0001edf4                PAD1__about
                0x0001edf8                PAD1__test
                0x0001ee00                PAD1__query
                0x0001ee08                PAD1__keypressed
                0x0001ee10                PAD2__poll
                0x0001ee38                PAD2__configure
                0x0001ee40                PAD2__about
                0x0001ee44                PAD2__test
                0x0001ee4c                PAD2__query
                0x0001ee54                PAD2__keypressed
                0x0001ee5c                NET__setInfo
                0x0001ee60                NET__keypressed
                0x0001ee64                NET__configure
                0x0001ee6c                NET__test
                0x0001ee74                NET__about
                0x0001ee78                GPU__displayText
                0x0001ee88                CDR__getStatus
                0x0001f3d4                _PADstartPoll
                0x0001f51c                PAD1__startPoll
                0x0001f548                PAD2__startPoll
                0x0001f574                _PADpoll
                0x0001f59c                clearDynarec
                0x0001f5b0                ReleasePlugins
                0x0001f768                LoadPlugins
                0x00020e8c                ReloadCdromPlugin
                0x00020f38                SetIsoFile
                0x00020f5c                GetIsoFile
                0x00020f68                UsingIso
                0x00020f80                SetCdOpenCaseTime
 .text          0x00020f94      0x958 libpcsxcore/ppf.o
                0x000210f4                FreePPFCache
                0x00021144                CheckPPFCache
                0x00021288                BuildPPFCache
                0x00021774                LoadSBI
                0x000218c4                UnloadSBI
 .text          0x000218ec     0x679c libpcsxcore/psxbios.o
                0x000218ec                psxBios_abs
                0x00021910                psxBios_labs
                0x00021934                psxBios_atoi
                0x00021aa0                psxBios_atol
                0x00021aa4                psxBios_setjmp
                0x00021b30                psxBios_longjmp
                0x00021bbc                psxBios_strcat
                0x00021c38                psxBios_strncat
                0x00021cd4                psxBios_strncmp
                0x00021d5c                psxBios_strcpy
                0x00021dc0                psxBios_strncpy
                0x00021e8c                psxBios_strlen
                0x00021f00                psxBios_rindex
                0x00021f90                psxBios_strrchr
                0x00021f94                psxBios_strpbrk
                0x00022040                psxBios_strspn
                0x000220fc                psxBios_strcspn
                0x000221bc                psxBios_strstr
                0x000222bc                psxBios_toupper
                0x000222e8                psxBios_tolower
                0x00022314                psxBios_bcopy
                0x00022390                psxBios_bzero
                0x000223f4                psxBios_bcmp
                0x000224c8                psxBios_memcpy
                0x00022558                psxBios_memset
                0x000225cc                psxBios_memmove
                0x000226bc                psxBios_memcmp
                0x000226c0                psxBios_rand
                0x00022708                psxBios_srand
                0x00022734                psxBios_Exec
                0x000227e8                psxBios_FlushCache
                0x000227fc                psxBios_GPU_dw
                0x000228b8                psxBios_SendGPU
                0x00022928                psxBios_GPU_cw
                0x00022954                psxBios_GPU_cwb
                0x000229b4                psxBios_GPU_GetGPUStatus
                0x000229e0                psxBios__96_init
                0x000229f4                psxBios__96_remove
                0x00022a08                psxBios_StartRCnt
                0x00022a7c                psxBios_StopRCnt
                0x00022ae8                psxBios_OpenEvent
                0x00022bac                psxBios_CloseEvent
                0x00022bf4                psxBios_WaitEvent
                0x00022c3c                psxBios_TestEvent
                0x00022c94                psxBios_EnableEvent
                0x00022cdc                psxBios_DisableEvent
                0x00022d24                psxBios_OpenTh
                0x00022d9c                psxBios_CloseTh
                0x00022de0                psxBios_InitPAD
                0x00022e5c                psxBios_StopPAD
                0x00022e84                psxBios_PAD_dr
                0x00022ea0                psxBios_ResetEntryInt
                0x00022ec4                psxBios_HookEntryInt
                0x00022f08                psxBios_UnDeliverEvent
                0x00022fac                psxBios_lseek
                0x00023020                psxBios_close
                0x0002303c                psxBios_InitCARD
                0x00023060                psxBios_StartCARD
                0x0002308c                psxBios_StopCARD
                0x000230b8                psxBios__new_card
                0x000230cc                psxBios_Krom2RawAdd
                0x00023214                psxBios_GetC0Table
                0x00023230                psxBios_GetB0Table
                0x0002324c                psxBios__card_chan
                0x00023270                psxBios_ChangeClearPad
                0x00023284                psxBios_SysEnqIntRP
                0x000232bc                psxBios_SysDeqIntRP
                0x000232ec                psxBios_ChangeClearRCnt
                0x00023344                psxBios_dummy
                0x00023358                psxBios_strtok
                0x000233c4                psxBios_malloc
                0x000235a4                psxBios_free
                0x0002363c                psxBios_realloc
                0x0002365c                psxBios_InitHeap
                0x00023734                psxBios_puts
                0x00023790                psxBios_calloc
                0x000237ec                psxBios_getchar
                0x00023818                psxBios_ReturnFromException
                0x00023884                psxBios_printf
                0x00023f10                psxBios_Load
                0x00023fd4                psxBios_LoadExec
                0x0002404c                psxBios_sys_a0_4c
                0x000240a0                psxBios_mem2vram
                0x000241b0                psxBios_GPU_SendPackets
                0x0002423c                psxBios_SetMem
                0x0002430c                psxBios_SetRCnt
                0x00024384                psxBios_GetRCnt
                0x000243c0                psxBios_ResetRCnt
                0x0002440c                psxBios_StartPAD
                0x00024454                psxBios_PAD_init
                0x000244ec                psxBios_open
                0x00024924                psxBios_delete
                0x00024b5c                psxBios_putchar
                0x00024b90                psxBios_nextfile
                0x00024f6c                psxBios_rename
                0x00025300                psxBios_strcmp
                0x00025380                psxBios_index
                0x00025404                psxBios_strchr
                0x00025408                psxBios_memchr
                0x000254a8                psxBios_ChangeTh
                0x00025928                psxBios_qsort
                0x00025984                psxBios__card_write
                0x00025afc                psxBios_firstfile
                0x00025f88                psxBios__card_read
                0x000260b4                psxBios_DeliverEvent
                0x000261c0                psxBios__card_load
                0x00026278                psxBios__bu_init
                0x000263b8                psxBios_write
                0x000267cc                psxBios__card_info
                0x00026884                psxBios_read
                0x00026c5c                psxBiosInit
                0x00027458                psxBiosShutdown
                0x0002745c                biosInterrupt
                0x00027b1c                psxBiosException
                0x00027d2c                psxBiosFreeze
 .text          0x00028088       0xac libpcsxcore/psxcommon.o
                0x00028088                EmuInit
                0x0002808c                EmuReset
                0x000280a0                EmuShutdown
                0x000280bc                EmuUpdate
                0x000280f8                __Log
 .text          0x00028134      0xa84 libpcsxcore/psxcounters.o
                0x00028444                psxRcntUpdate
                0x00028704                psxRcntWcount
                0x00028760                psxRcntWmode
                0x000287c8                psxRcntWtarget
                0x00028858                psxRcntRcount
                0x000288d0                psxRcntRmode
                0x000288f0                psxRcntRtarget
                0x00028908                psxRcntInit
                0x000289ec                psxRcntFreeze
 .text          0x00028bb8      0x680 libpcsxcore/psxdma.o
                0x00028bb8                spuInterrupt
                0x00028c10                psxDma4
                0x00028d88                psxDma2
                0x00029070                gpuInterrupt
                0x000290d4                psxDma6
                0x000291e0                gpuotcInterrupt
 .text          0x00029238      0x164 libpcsxcore/psxhle.o
 .text          0x0002939c      0xdf0 libpcsxcore/psxhw.o
                0x0002939c                psxHwReset
                0x000293fc                psxHwRead8
                0x0002947c                psxHwRead16
                0x00029670                psxHwRead32
                0x000298b4                psxHwWrite8
                0x00029964                psxHwWrite16
                0x00029c04                psxHwWrite32
                0x0002a184                psxHwFreeze
 .text          0x0002a18c     0x1758 libpcsxcore/psxinterpreter.o
                0x0002a394                psxADDI
                0x0002a3bc                psxADDIU
                0x0002a3e4                psxANDI
                0x0002a410                psxORI
                0x0002a43c                psxXORI
                0x0002a468                psxSLTI
                0x0002a4a0                psxSLTIU
                0x0002a4d8                psxADD
                0x0002a50c                psxADDU
                0x0002a540                psxSUB
                0x0002a574                psxSUBU
                0x0002a5a8                psxAND
                0x0002a5dc                psxOR
                0x0002a610                psxXOR
                0x0002a644                psxNOR
                0x0002a67c                psxSLT
                0x0002a6b8                psxSLTU
                0x0002a6f4                psxDIV
                0x0002a75c                psxDIVU
                0x0002a7b8                psxMULT
                0x0002a7e4                psxMULTU
                0x0002a810                psxSLL
                0x0002a83c                psxSRA
                0x0002a868                psxSRL
                0x0002a894                psxSLLV
                0x0002a8c8                psxSRAV
                0x0002a8fc                psxSRLV
                0x0002a930                psxLUI
                0x0002a950                psxMFHI
                0x0002a970                psxMFLO
                0x0002a990                psxMTHI
                0x0002a9ac                psxMTLO
                0x0002a9c8                psxBREAK
                0x0002a9cc                psxRFE
                0x0002a9ec                psxMFC0
                0x0002aa14                psxCFC0
                0x0002aa3c                psxNULL
                0x0002aa40                psxSPECIAL
                0x0002aa60                psxREGIMM
                0x0002aa84                psxCOP0
                0x0002aaa8                psxCOP2
                0x0002aad0                psxBASIC
                0x0002aaf4                psxHLE
                0x0002ab28                psxSYSCALL
                0x0002ab50                psxLB
                0x0002ab90                psxLBU
                0x0002abcc                psxLH
                0x0002ac0c                psxLHU
                0x0002ac48                psxLW
                0x0002ac84                psxLWL
                0x0002ace4                psxLWR
                0x0002ad44                psxSB
                0x0002ad68                psxSH
                0x0002ad90                psxSW
                0x0002adb4                psxSWL
                0x0002ae14                psxSWR
                0x0002b204                psxTestLoadDelay
                0x0002b218                psxTestSWInts
                0x0002b254                MTC0
                0x0002b2a8                psxMTC0
                0x0002b2c4                psxCTC0
                0x0002b2e0                execI
                0x0002b378                psxDelayTest
                0x0002b678                psxBGEZ
                0x0002b6a4                psxBGEZAL
                0x0002b6d8                psxBGTZ
                0x0002b704                psxBLEZ
                0x0002b730                psxBLTZ
                0x0002b75c                psxBLTZAL
                0x0002b790                psxBEQ
                0x0002b7c4                psxBNE
                0x0002b7f8                psxJ
                0x0002b818                psxJAL
                0x0002b840                psxJR
                0x0002b864                psxJALR
                0x0002b890                intExecute
                0x0002b8bc                intExecuteBlock
 .text          0x0002b8e4      0xae4 libpcsxcore/psxmem.o
                0x0002b8e4                psxUnmap
                0x0002b908                psxMap
                0x0002ba18                psxMemReset
                0x0002bb1c                psxMemShutdown
                0x0002bb84                psxMemInit
                0x0002be2c                psxMemRead8
                0x0002bec8                psxMemRead16
                0x0002bf64                psxMemRead32
                0x0002c000                psxMemWrite8
                0x0002c0b4                psxMemWrite16
                0x0002c168                psxMemWrite32
                0x0002c360                psxMemPointer
 .text          0x0002c3c8      0x698 libpcsxcore/r3000a.o
                0x0002c3c8                psxInit
                0x0002c444                psxReset
                0x0002c4f4                psxShutdown
                0x0002c518                psxException
                0x0002c650                psxBranchTest
                0x0002c984                psxJumpTest
                0x0002ca1c                psxExecuteBios
 .text          0x0002ca60     0x1b64 libpcsxcore/sio.o
                0x0002ca60                sioWriteStat16
                0x0002ca64                sioWriteMode16
                0x0002ca74                sioWriteCtrl16
                0x0002cae4                sioWriteBaud16
                0x0002caf4                sioReadStat16
                0x0002cb04                sioReadMode16
                0x0002cb14                sioReadCtrl16
                0x0002cb24                sioReadBaud16
                0x0002cb34                netError
                0x0002cb6c                sioWrite8
                0x0002d440                sioInterrupt
                0x0002d47c                CreateMcd
                0x0002dad4                LoadMcd
                0x0002dae4                LoadMcds
                0x0002db0c                ConvertMcd
                0x0002ddf8                SaveMcd
                0x0002df04                sioRead8
                0x0002e06c                GetMcdBlockInfo
                0x0002e378                sioFreeze
 .text          0x0002e5c4      0x438 libpcsxcore/socket.o
                0x0002e5c4                StopServer
                0x0002e5e8                CloseClient
                0x0002e61c                GetClient
                0x0002e6d0                HasClient
                0x0002e6e8                ReadSocket
                0x0002e810                RawReadSocket
                0x0002e8e0                WriteSocket
                0x0002e908                SetsBlock
                0x0002e938                SetsNonblock
                0x0002e968                StartServer
 .text          0x0002e9fc       0x20 libpcsxcore/spu.o
                0x0002e9fc                SPUirq
 .text          0x0002ea1c     0x63a8 libpcsxcore/gte.o
                0x0002ea1c                gteMFC2
                0x0002eb40                gteCFC2
                0x0002eb68                gteMTC2
                0x0002ecb4                gteCTC2
                0x0002ed80                gteLWC2
                0x0002eed4                gteSWC2
                0x0002eff4                gteRTPS
                0x0002f4ac                gteRTPT
                0x0002f9d0                gteMVMVA
                0x0002fd88                gteNCLIP
                0x0002fe18                gteAVSZ3
                0x0002fed8                gteAVSZ4
                0x0002ffa0                gteSQR
                0x000300e0                gteNCCS
                0x00030594                gteNCCT
                0x00030d28                gteNCDS
                0x000313f0                gteNCDT
                0x00031df0                gteOP
                0x00031f54                gteDCPL
                0x00032238                gteGPF
                0x0003242c                gteGPL
                0x00032738                gteDPCS
                0x00032a4c                gteDPCT
                0x00032ce4                gteNCS
                0x000331c0                gteNCT
                0x000338d4                gteCC
                0x00033bc0                gteINTPL
                0x00033eb4                gteCDP
                0x00034398                gteSQR_part_noshift
                0x000343c8                gteSQR_part_shift
                0x00034404                gteOP_part_noshift
                0x0003445c                gteOP_part_shift
                0x000344c0                gteDCPL_part
                0x000345d4                gteGPF_part_noshift
                0x0003460c                gteGPF_part_shift
                0x00034650                gteGPL_part_noshift
                0x00034740                gteGPL_part_shift
                0x0003485c                gteDPCS_part_noshift
                0x000349a8                gteDPCS_part_shift
                0x00034ad0                gteINTPL_part_noshift
                0x00034bd4                gteINTPL_part_shift
                0x00034ce4                gteMACtoRGB
 .text          0x00034dc4     0x2de4 libpcsxcore/gte_nf.o
                0x00034dc4                gteRTPS_nf
                0x00035028                gteRTPT_nf
                0x000352cc                gteMVMVA_nf
                0x00035628                gteNCLIP_nf
                0x0003566c                gteAVSZ3_nf
                0x000356a0                gteAVSZ4_nf
                0x000356e0                gteSQR_nf
                0x00035818                gteNCCS_nf
                0x00035a80                gteNCCT_nf
                0x00035de4                gteNCDS_nf
                0x000360e4                gteNCDT_nf
                0x00036510                gteOP_nf
                0x00036668                gteDCPL_nf
                0x00036828                gteGPF_nf
                0x00036910                gteGPL_nf
                0x00036a70                gteDPCS_nf
                0x00036c1c                gteDPCT_nf
                0x00036d70                gteNCS_nf
                0x00036f98                gteNCT_nf
                0x000372c8                gteCC_nf
                0x00037434                gteINTPL_nf
                0x000375fc                gteCDP_nf
                0x00037804                gteGPL_part_noshift_nf
                0x00037848                gteGPL_part_shift_nf
                0x00037898                gteDPCS_part_noshift_nf
                0x00037970                gteDPCS_part_shift_nf
                0x00037a14                gteINTPL_part_noshift_nf
                0x00037ab8                gteINTPL_part_shift_nf
                0x00037b68                gteMACtoRGB_nf
 .text          0x00037ba8       0xe8 libpcsxcore/gte_divider.o
                0x00037ba8                DIVIDE
 .text          0x00037c90      0x664 libpcsxcore/gte_arm.o
                0x00037c90                gteRTPS_nf_arm
                0x00037e08                gteRTPT_nf_arm
                0x00037f8c                gteMVMVA_part_arm
                0x00038050                gteMVMVA_part_nf_arm
                0x000380d0                gteMVMVA_part_cv3sh12_arm
                0x00038148                gteNCLIP_arm
                0x000381ac                gteMACtoIR_lm0
                0x0003821c                gteMACtoIR_lm1
                0x0003828c                gteMACtoIR_lm0_nf
                0x000382ac                gteMACtoIR_lm1_nf
 .text          0x000382f4      0x6b8 libpcsxcore/gte_neon.o
                0x000382f4                gteRTPS_neon
                0x0003853c                gteRTPT_neon
                0x00038898                gteMVMVA_part_neon
                0x00038928                gteMACtoIR_flags_neon
 *fill*         0x000389ac        0x4 00000000
 .text          0x000389b0    0x2cb00 libpcsxcore/new_dynarec/new_dynarec.o
                0x000395ac                clear_all_regs
                0x000395c8                get_reg
                0x00039610                get_reg2
                0x00039668                count_free_regs
                0x000396a0                dirty_reg
                0x000396ac                set_const
                0x000396b8                clear_const
                0x000396c4                is_const
                0x000396e4                get_const
                0x00039748                lsn
                0x00039b00                needed_again
                0x00039cd0                loop_reg
                0x00039f04                alloc_all
                0x00039fe0                set_jump_target
                0x0003a088                set_jump_target_fillslot
                0x0003a10c                add_literal
                0x0003a140                kill_pointer
                0x0003a168                get_pointer
                0x0003a18c                get_clean_addr
                0x0003a1c0                verify_dirty
                0x0003a244                isclean
                0x0003a2bc                get_bounds
                0x0003a318                alloc_reg
                0x0003a924                alloc_reg64
                0x0003af2c                alloc_reg_temp
                0x0003b560                alloc_arm_reg
                0x0003b604                alloc_cc
                0x0003b618                output_byte
                0x0003b634                output_modrm
                0x0003b658                output_sib
                0x0003b67c                output_w32
                0x0003b694                rd_rn_rm
                0x0003b6a0                rd_rn_imm_shift
                0x0003b6b8                genimm
                0x0003b6d4                genimm_checked
                0x0003b6e8                genjmp
                0x0003b73c                emit_mov
                0x0003b760                emit_movs
                0x0003b784                emit_add
                0x0003b7ac                emit_adds
                0x0003b7d4                emit_adcs
                0x0003b7fc                emit_sbc
                0x0003b824                emit_sbcs
                0x0003b84c                emit_neg
                0x0003b874                emit_negs
                0x0003b89c                emit_sub
                0x0003b8c4                emit_subs
                0x0003b8ec                emit_zeroreg
                0x0003b910                emit_loadlp
                0x0003b964                emit_movw
                0x0003b994                emit_movt
                0x0003b9c8                emit_movimm
                0x0003bd04                emit_pcreladdr
                0x0003bd28                emit_loadreg
                0x0003be10                emit_storereg
                0x0003beac                emit_test
                0x0003bed0                emit_testimm
                0x0003bf2c                emit_testeqimm
                0x0003bf80                emit_not
                0x0003bfa4                emit_mvnmi
                0x0003bfc8                emit_and
                0x0003bfec                emit_or
                0x0003c014                emit_or_and_set_flags
                0x0003c03c                emit_orrshl_imm
                0x0003c068                emit_orrshr_imm
                0x0003c094                emit_xor
                0x0003c0bc                emit_addimm
                0x0003c12c                emit_addimm_and_set_flags
                0x0003c254                emit_addimm_no_flags
                0x0003c268                emit_addnop
                0x0003c290                emit_adcimm
                0x0003c2f8                emit_sbbimm
                0x0003c398                emit_rscimm
                0x0003c400                emit_addimm64_32
                0x0003c454                emit_sbb
                0x0003c494                emit_andimm
                0x0003c4c4                emit_orimm
                0x0003c500                emit_xorimm
                0x0003c53c                emit_shlimm
                0x0003c568                emit_lsls_imm
                0x0003c590                emit_lslpls_imm
                0x0003c5b8                emit_shrimm
                0x0003c5e8                emit_sarimm
                0x0003c618                emit_rorimm
                0x0003c648                emit_shldimm
                0x0003c698                emit_shrdimm
                0x0003c6ec                emit_signextend16
                0x0003c714                emit_signextend8
                0x0003c73c                emit_shl
                0x0003c76c                emit_shr
                0x0003c79c                emit_sar
                0x0003c7cc                emit_shlcl
                0x0003c7d0                emit_shrcl
                0x0003c7d4                emit_sarcl
                0x0003c7d8                emit_shldcl
                0x0003c7dc                emit_shrdcl
                0x0003c7e0                emit_orrshl
                0x0003c80c                emit_orrshr
                0x0003c838                emit_cmpimm
                0x0003c94c                emit_cmovne
                0x0003c950                emit_cmovl
                0x0003c954                emit_cmovs
                0x0003c958                emit_cmovne_imm
                0x0003c9b0                emit_cmovl_imm
                0x0003ca08                emit_cmovb_imm
                0x0003ca60                emit_cmovs_imm
                0x0003cab8                emit_cmove_reg
                0x0003cad8                emit_cmovne_reg
                0x0003cafc                emit_cmovl_reg
                0x0003cb20                emit_cmovs_reg
                0x0003cb44                emit_slti32
                0x0003cba8                emit_sltiu32
                0x0003cc0c                emit_slti64_32
                0x0003cc98                emit_sltiu64_32
                0x0003cd0c                emit_cmp
                0x0003cd30                emit_set_gz32
                0x0003cd5c                emit_set_nz32
                0x0003cdb4                emit_set_gz64_32
                0x0003ce08                emit_set_nz64_32
                0x0003ce40                emit_set_if_less32
                0x0003ceb4                emit_set_if_carry32
                0x0003cf28                emit_set_if_less64_32
                0x0003cf90                emit_set_if_carry64_32
                0x0003cff8                emit_call
                0x0003d69c                emit_jmp
                0x0003d74c                emit_jne
                0x0003d770                emit_jeq
                0x0003d794                emit_js
                0x0003d7b8                emit_jns
                0x0003d7dc                emit_jl
                0x0003d800                emit_jge
                0x0003d824                emit_jno
                0x0003d848                emit_jc
                0x0003d9c8                emit_jcc
                0x0003d9ec                emit_pushimm
                0x0003d9f0                emit_pusha
                0x0003d9f4                emit_popa
                0x0003d9f8                emit_pushreg
                0x0003d9fc                emit_popreg
                0x0003da00                emit_callreg
                0x0003da24                emit_jmpreg
                0x0003da48                emit_readword_indexed
                0x0003dad4                emit_readword_dualindexedx4
                0x0003db04                emit_ldrcc_dualindexed
                0x0003db2c                emit_ldrccb_dualindexed
                0x0003db54                emit_ldrccsb_dualindexed
                0x0003db84                emit_ldrcch_dualindexed
                0x0003dbb4                emit_ldrccsh_dualindexed
                0x0003dbe4                emit_readword_indexed_tlb
                0x0003dc2c                emit_readdword_indexed_tlb
                0x0003dc88                emit_movsbl_indexed
                0x0003dd18                emit_movsbl_indexed_tlb
                0x0003ddbc                emit_movswl_indexed
                0x0003de4c                emit_movzbl_indexed
                0x0003dea8                emit_movzbl_dualindexedx4
                0x0003ded8                emit_movzbl_indexed_tlb
                0x0003df74                emit_movzwl_indexed
                0x0003e004                emit_readword
                0x0003e038                emit_movsbl
                0x0003e080                emit_movswl
                0x0003e0c8                emit_movzbl
                0x0003e0fc                emit_movzwl
                0x0003e144                emit_movzwl_reg
                0x0003e148                emit_xchg
                0x0003e14c                emit_writeword_indexed
                0x0003e1c4                emit_writeword_dualindexedx4
                0x0003e1f4                emit_writeword_indexed_tlb
                0x0003e238                emit_writedword_indexed_tlb
                0x0003e300                emit_writehword_indexed
                0x0003e354                emit_writebyte_indexed
                0x0003e394                emit_writebyte_dualindexedx4
                0x0003e3c4                emit_writebyte_indexed_tlb
                0x0003e464                emit_strcc_dualindexed
                0x0003e488                emit_strccb_dualindexed
                0x0003e4ac                emit_strcch_dualindexed
                0x0003e4d4                emit_writeword
                0x0003e508                emit_writehword
                0x0003e550                emit_writebyte
                0x0003e584                emit_writeword_imm
                0x0003e588                emit_writebyte_imm
                0x0003e58c                emit_mul
                0x0003e590                emit_imul
                0x0003e594                emit_umull
                0x0003e5c8                emit_smull
                0x0003e5fc                emit_div
                0x0003e600                emit_idiv
                0x0003e604                emit_cdq
                0x0003e608                emit_clz
                0x0003e630                emit_subcs
                0x0003e654                emit_shrcc_imm
                0x0003e684                emit_shrne_imm
                0x0003e6b4                emit_negmi
                0x0003e6dc                emit_negsmi
                0x0003e704                emit_orreq
                0x0003e728                emit_orrne
                0x0003e74c                emit_bic_lsl
                0x0003e778                emit_biceq_lsl
                0x0003e7a4                emit_bicne_lsl
                0x0003e7d0                emit_bic_lsr
                0x0003e7fc                emit_biceq_lsr
                0x0003e828                emit_bicne_lsr
                0x0003e854                emit_teq
                0x0003e878                emit_rsbimm
                0x0003e8e0                emit_mov2imm_compact
                0x0003e9d0                emit_cmov2imm_e_ne_compact
                0x0003eb60                emit_cmpmem_indexedsr12_imm
                0x0003eb64                emit_cmpmem_indexedsr12_reg
                0x0003eb9c                emit_addsr12
                0x0003ebcc                emit_callne
                0x0003ebf0                emit_prefetch
                0x0003ec48                emit_prefetchreg
                0x0003ec6c                emit_ldreq_indexed
                0x0003ec90                emit_flds
                0x0003ecc8                emit_vldr
                0x0003ecf0                emit_fsts
                0x0003ed28                emit_vstr
                0x0003ed50                emit_ftosizs
                0x0003ed94                emit_ftosizd
                0x0003edd0                emit_fsitos
                0x0003ee14                emit_fsitod
                0x0003ee4c                emit_fcvtds
                0x0003ee84                emit_fcvtsd
                0x0003eec0                emit_fsqrts
                0x0003ef04                emit_fsqrtd
                0x0003ef34                emit_fabss
                0x0003ef78                emit_fabsd
                0x0003efa8                emit_fnegs
                0x0003efec                emit_fnegd
                0x0003f01c                emit_fadds
                0x0003f074                emit_faddd
                0x0003f0b0                emit_fsubs
                0x0003f108                emit_fsubd
                0x0003f144                emit_fmuls
                0x0003f19c                emit_fmuld
                0x0003f1d8                emit_fdivs
                0x0003f230                emit_fdivd
                0x0003f26c                emit_fcmps
                0x0003f28c                emit_fcmpd
                0x0003f2ac                emit_fmstat
                0x0003f2cc                emit_bicne_imm
                0x0003f32c                emit_biccs_imm
                0x0003f38c                emit_bicvc_imm
                0x0003f3f4                emit_bichi_imm
                0x0003f45c                emit_orrvs_imm
                0x0003f4c4                emit_orrne_imm
                0x0003f524                emit_andne_imm
                0x0003f8dc                emit_addpl_imm
                0x0003f944                emit_jno_unlikely
                0x0003f964                wb_consts
                0x0003fa74                literal_pool
                0x0003fba4                literal_pool_jumpover
                0x0003fc18                emit_extjump2
                0x0003fc98                emit_extjump
                0x0003fca4                emit_extjump_ds
                0x0003fcb0                do_readstub
                0x00040244                get_direct_memhandler
                0x000402c0                inline_readstub
                0x00040bd8                do_writestub
                0x0004111c                inline_writestub
                0x000413bc                do_unalignedwritestub
                0x00041630                printregs
                0x00041678                do_invstub
                0x0004175c                do_dirty_stub_ds
                0x00041884                shift_assemble_arm
                0x000421d8                loadlr_assemble_arm
                0x00042b30                cop2_assemble
                0x00042e90                cop1_unusable
                0x00042ea8                cop1_assemble
                0x00042ec0                fconv_assemble_arm
                0x00042ed8                fcomp_assemble
                0x00042ef0                float_assemble
                0x00042f08                multdiv_assemble_arm
                0x00043808                do_preload_rhash
                0x0004380c                do_preload_rhtbl
                0x0004382c                do_rhash
                0x00043838                do_miniht_load
                0x00043860                do_miniht_jump
                0x000438bc                do_miniht_insert
                0x00043a68                wb_sx
                0x00043a6c                wb_valid
                0x00043bb8                do_clear_cache
                0x00043c4c                arch_init
                0x00043c50                ll_add
                0x00043c88                ll_add_32
                0x00043cc0                check_addr
                0x00043e30                remove_hash
                0x00043e84                ll_remove_matching_addrs
                0x00043eec                ll_clear
                0x00043f1c                ll_kill_pointers
                0x00043fb8                invalidate_page
                0x00044114                invalidate_block
                0x00044248                invalidate_addr
                0x00044414                invalidate_all_pages
                0x000444b4                add_link
                0x0004450c                clean_blocks
                0x000446c8                mov_alloc
                0x000447f0                shiftimm_alloc
                0x00044cc0                shift_alloc
                0x00044cd8                alu_alloc
                0x00045660                imm16_alloc
                0x00045bc0                load_alloc
                0x00045e60                store_alloc
                0x00045f90                c1ls_alloc
                0x0004607c                c2ls_alloc
                0x0004613c                multdiv_alloc
                0x000462ec                cop0_alloc
                0x00046418                cop1_alloc
                0x00046588                fconv_alloc
                0x000465c0                float_alloc
                0x000465f8                c2op_alloc
                0x00046600                fcomp_alloc
                0x00046654                syscall_alloc
                0x000466a0                delayslot_alloc
                0x000467f0                add_stub
                0x00046840                wb_register
                0x000468d4                cop0_assemble
                0x00046f3c                mchecksum
                0x00046f70                rchecksum
                0x00046f94                rlist
                0x00046fe0                enabletrace
                0x00046ff4                memdebug
                0x00047120                tlb_debug
                0x0004713c                alu_assemble
                0x000485a4                imm16_assemble
                0x00048ff0                shiftimm_assemble
                0x00049a68                load_assemble
                0x0004a64c                storelr_assemble
                0x0004b370                c1ls_assemble
                0x0004b388                c2ls_assemble
                0x0004b7c8                mov_assemble
                0x0004b958                syscall_assemble
                0x0004b9d8                hlecall_assemble
                0x0004ba84                intcall_assemble
                0x0004bb04                internal_branch
                0x0004bb1c                wb_invalidate
                0x0004bda4                load_regs
                0x0004bf0c                address_generation
                0x0004c5e8                get_final_value
                0x0004cca4                load_consts
                0x0004d0f4                load_all_consts
                0x0004d2e8                wb_dirtys
                0x0004d398                do_cop1stub
                0x0004d4e4                store_assemble
                0x0004db6c                ds_assemble
                0x0004dd3c                wb_needed_dirtys
                0x0004dec0                load_all_regs
                0x0004df58                load_needed_regs
                0x0004e024                load_regs_entry
                0x0004e250                do_dirty_stub
                0x0004e3a8                store_regs_bt
                0x0004e67c                load_regs_bt
                0x0004e8fc                match_bt
                0x0004ec0c                ds_assemble_entry
                0x0004efd4                do_cc
                0x0004f2c4                do_ccstub
                0x00050410                add_to_linker
                0x0005044c                ujump_assemble
                0x000507a4                rjump_assemble
                0x00050d20                cjump_assemble
                0x00052b00                sjump_assemble
                0x00054024                fjump_assemble
                0x00054f10                unneeded_registers
                0x0005636c                clean_registers
                0x000577a8                new_dynarec_clear_full
                0x000578e8                new_dynarec_init
                0x00057a14                new_dynarec_cleanup
                0x00057aa0                new_recompile_block
                0x000651cc                get_addr
                0x00065468                get_addr_ht
                0x000654a8                get_addr_32
 .text          0x000654b0      0x934 libpcsxcore/new_dynarec/linkage_arm.o
                0x000654b0                dyna_linker
                0x000655fc                exec_pagefault
                0x00065644                dyna_linker_ds
                0x000657a0                jump_vaddr_r0
                0x000657a8                jump_vaddr_r1
                0x000657b4                jump_vaddr_r2
                0x000657c0                jump_vaddr_r3
                0x000657cc                jump_vaddr_r4
                0x000657d8                jump_vaddr_r5
                0x000657e4                jump_vaddr_r6
                0x000657f0                jump_vaddr_r8
                0x000657fc                jump_vaddr_r9
                0x00065808                jump_vaddr_r10
                0x00065814                jump_vaddr_r12
                0x00065820                jump_vaddr_r7
                0x00065828                jump_vaddr
                0x00065860                verify_code_ds
                0x00065864                verify_code_vm
                0x00065864                verify_code
                0x000658c8                cc_interrupt
                0x00065958                do_interrupt
                0x00065968                fp_exception
                0x00065994                fp_exception_ds
                0x0006599c                jump_syscall
                0x000659c4                jump_syscall_hle
                0x000659fc                jump_hlecall
                0x00065a14                jump_intcall
                0x00065a2c                new_dyna_leave
                0x00065a40                invalidate_addr_r0
                0x00065a48                invalidate_addr_r1
                0x00065a54                invalidate_addr_r2
                0x00065a60                invalidate_addr_r3
                0x00065a6c                invalidate_addr_r4
                0x00065a78                invalidate_addr_r5
                0x00065a84                invalidate_addr_r6
                0x00065a90                invalidate_addr_r7
                0x00065a9c                invalidate_addr_r8
                0x00065aa8                invalidate_addr_r9
                0x00065ab4                invalidate_addr_r10
                0x00065ac0                invalidate_addr_r12
                0x00065ae0                new_dyna_start
                0x00065b08                jump_handler_read8
                0x00065b34                jump_handler_read16
                0x00065b64                jump_handler_read32
                0x00065b8c                jump_handler_write8
                0x00065bdc                jump_handler_write16
                0x00065c30                jump_handler_write32
                0x00065c7c                jump_handler_write_h
                0x00065cac                jump_handle_swl
                0x00065d14                jump_handle_swr
                0x00065d64                rcnt0_read_count_m0
                0x00065d78                rcnt1_read_count_m0
                0x00065d8c                rcnt2_read_count_m0
                0x00065da0                rcnt0_read_count_m1
                0x00065db8                rcnt1_read_count_m1
                0x00065dd0                rcnt2_read_count_m1
 .text          0x00065de4     0x1468 libpcsxcore/new_dynarec/pcsxmem.o
                0x0006661c                read_mem_dummy
                0x00066624                new_dyna_pcsx_mem_load_state
                0x0006664c                pcsxmem_is_handler_dynamic
                0x00066690                new_dyna_pcsx_mem_init
                0x00067178                new_dyna_pcsx_mem_reset
                0x00067218                new_dyna_pcsx_mem_shutdown
 .text          0x0006724c      0x44c libpcsxcore/new_dynarec/emu_if.o
                0x00067568                gen_interupt
                0x00067578                pcsx_mtc0
                0x000675b4                pcsx_mtc0_ds
                0x000675b8                new_dyna_save
                0x000675d0                new_dyna_after_save
                0x000675e8                new_dyna_restore
                0x00067690                do_insn_trace
                0x00067694                do_insn_cmp
 .text          0x00067698      0x148 plugins/dfsound/dma.o
                0x00067698                SPUreadDMA
                0x000676cc                SPUreadDMAMem
                0x00067720                SPUwriteDMA
                0x00067754                SPUwriteDMAMem
 .text          0x000677e0      0x928 plugins/dfsound/freeze.o
                0x000677e0                LoadStateV5
                0x00067afc                LoadStateUnknown
                0x00067ba4                SPUfreeze
 .text          0x00068108      0xde8 plugins/dfsound/registers.o
                0x000682f4                SPUwriteRegister
                0x00068d70                SPUreadRegister
 .text          0x00068ef0     0x39e0 plugins/dfsound/spu.o
                0x0006b77c                InitADSR
                0x0006b840                SPUasync
                0x0006b858                SPUupdate
                0x0006b874                SPUplayADPCMchannel
                0x0006c438                SPUplayCDDAchannel
                0x0006c508                ClearWorkingState
                0x0006c550                SetupStreams
                0x0006c63c                RemoveStreams
                0x0006c688                SPUinit
                0x0006c714                SPUopen
                0x0006c740                SPUclose
                0x0006c764                SPUshutdown
                0x0006c794                SPUtest
                0x0006c79c                SPUconfigure
                0x0006c7a4                SPUabout
                0x0006c7a8                SPUregisterCallback
                0x0006c7b8                SPUregisterCDDAVolume
                0x0006c7c8                spu_get_debug_info
 .text          0x0006c8d0      0x100 plugins/dfsound/out.o
                0x0006c8d0                SetupSound
 .text          0x0006c9d0       0x5c plugins/dfsound/nullsnd.o
                0x0006c9e8                out_register_none
 .text          0x0006ca2c      0x114 plugins/dfsound/arm_utils.o
                0x0006ca2c                mix_chan
                0x0006caa0                mix_chan_rvb
 .text          0x0006cb40      0x270 plugins/dfsound/oss.o
                0x0006cd6c                out_register_oss
 .text          0x0006cdb0      0x320 plugins/dfsound/sdl.o
                0x0006d08c                out_register_sdl
 .text          0x0006d0d0     0x14e4 plugins/gpulib/gpu.o
                0x0006dcec                GPUinit
                0x0006dd4c                GPUshutdown
                0x0006dd94                GPUwriteStatus
                0x0006df2c                GPUwriteDataMem
                0x0006df64                GPUwriteData
                0x0006df8c                GPUdmaChain
                0x0006e14c                GPUreadDataMem
                0x0006e19c                GPUreadData
                0x0006e1f0                GPUreadStatus
                0x0006e21c                GPUfreeze
                0x0006e3b0                GPUupdateLace
                0x0006e464                GPUvBlank
                0x0006e508                GPUrearmedCallbacks
 .text          0x0006e5b4      0x2e4 plugins/gpulib/vout_pl.o
                0x0006e694                vout_init
                0x0006e69c                vout_finish
                0x0006e6a4                vout_update
                0x0006e7b8                vout_blank
                0x0006e81c                GPUopen
                0x0006e868                GPUclose
                0x0006e888                vout_set_config
 .text          0x0006e898    0x130a8 plugins/gpu_neon/psx_gpu_if.o
                0x0006e898                shade_blocks_shaded_untextured
                0x0006eb58                triangle_signed_area_x2
                0x0006eb80                texture_region_mask
                0x0006ebd8                invalidate_texture_cache_region
                0x0006ed08                invalidate_texture_cache_region_viewport
                0x0006ef38                update_texture_cache_region
                0x0006f040                update_texture_8bpp_cache
                0x0006f0ac                flush_render_block_buffer
                0x0006fcbc                render_triangle
                0x0006fcf4                setup_sprite_untextured_simple
                0x0006fe04                render_sprite
                0x0006ff8c                render_line
                0x0007daac                render_block_fill
                0x0007dacc                render_block_fill_enh
                0x0007daec                render_block_copy
                0x0007dbb8                render_block_move
                0x0007dbf4                initialize_reciprocal_table
                0x0007dc44                initialize_psx_gpu
                0x0007dd98                get_us
                0x0007ddcc                get_counter
                0x0007ddd4                init_counter
                0x0007ddf0                triangle_benchmark
                0x0007de98                render_sprite_4x
                0x0007e014                update_texture_ptr
                0x0007e0f4                set_texture
                0x0007e1a4                set_clut
                0x0007e1b8                set_triangle_color
                0x0007e1dc                gpu_parse
                0x0007f794                gpu_parse_enhanced
                0x000815e4                do_cmd_list
                0x0008165c                renderer_init
                0x000816d4                renderer_finish
                0x00081728                renderer_sync_ecmds
                0x00081740                renderer_update_caches
                0x000817c4                renderer_flush_queues
                0x000817d0                renderer_set_interlace
                0x00081800                renderer_notify_res_change
                0x0008186c                renderer_set_config
 .text          0x00081940    0x12820 plugins/gpu_neon/psx_gpu/psx_gpu_arm_neon.o
                0x00081940                compute_all_gradients
                0x00081b4c                setup_spans_up_left
                0x00081db4                setup_spans_up_right
                0x0008201c                setup_spans_down_left
                0x0008226c                setup_spans_down_right
                0x000824bc                setup_spans_up_a
                0x0008268c                setup_spans_up_b
                0x0008285c                setup_spans_down_a
                0x00082a20                setup_spans_down_b
                0x00082be4                setup_spans_up_down
                0x00082fb8                setup_blocks_shaded_textured_dithered_swizzled_indirect
                0x00083270                setup_blocks_shaded_textured_dithered_unswizzled_indirect
                0x00083510                setup_blocks_unshaded_textured_dithered_swizzled_indirect
                0x000836f8                setup_blocks_unshaded_textured_dithered_unswizzled_indirect
                0x000838c8                setup_blocks_unshaded_untextured_undithered_unswizzled_indirect
                0x000839d0                setup_blocks_unshaded_untextured_undithered_unswizzled_direct
                0x00083a88                setup_blocks_shaded_untextured_undithered_unswizzled_indirect
                0x00083cc0                setup_blocks_shaded_untextured_dithered_unswizzled_indirect
                0x00083f18                setup_blocks_shaded_untextured_undithered_unswizzled_direct
                0x00084168                setup_blocks_shaded_untextured_dithered_unswizzled_direct
                0x000843d8                texture_blocks_untextured
                0x000843e0                texture_blocks_4bpp
                0x000844a0                texture_blocks_8bpp
                0x00084580                texture_blocks_16bpp
                0x00084678                shade_blocks_shaded_textured_modulated_dithered_direct
                0x000847d0                shade_blocks_shaded_textured_modulated_undithered_direct
                0x00084918                shade_blocks_unshaded_textured_modulated_dithered_direct
                0x00084a88                shade_blocks_unshaded_textured_modulated_undithered_direct
                0x00084bf8                shade_blocks_shaded_textured_modulated_dithered_indirect
                0x00084d30                shade_blocks_shaded_textured_modulated_undithered_indirect
                0x00084e58                shade_blocks_unshaded_textured_modulated_dithered_indirect
                0x00084fb0                shade_blocks_unshaded_textured_modulated_undithered_indirect
                0x00085110                shade_blocks_textured_unmodulated_indirect
                0x00085180                shade_blocks_textured_unmodulated_direct
                0x00085230                shade_blocks_unshaded_untextured_indirect
                0x00085238                shade_blocks_unshaded_untextured_direct
                0x000852c0                blend_blocks_textured_average_off
                0x000853c8                blend_blocks_untextured_average_off
                0x000854b8                blend_blocks_textured_average_on
                0x000855c8                blend_blocks_untextured_average_on
                0x000856c0                blend_blocks_textured_add_off
                0x000857d0                blend_blocks_textured_add_on
                0x000858f8                blend_blocks_untextured_add_off
                0x000859e0                blend_blocks_untextured_add_on
                0x00085ae0                blend_blocks_textured_subtract_off
                0x00085be0                blend_blocks_textured_subtract_on
                0x00085cf0                blend_blocks_untextured_subtract_off
                0x00085dd8                blend_blocks_untextured_subtract_on
                0x00085ed0                blend_blocks_textured_add_fourth_off
                0x00085fe0                blend_blocks_textured_add_fourth_on
                0x00086108                blend_blocks_untextured_add_fourth_off
                0x00086208                blend_blocks_untextured_add_fourth_on
                0x00086320                blend_blocks_textured_unblended_on
                0x00086398                blend_blocks_textured_unblended_off
                0x0008639c                warmup
                0x000863b8                render_block_fill_body
                0x00088660                setup_sprite_4bpp
                0x0008a830                setup_sprite_8bpp
                0x0008f3e0                setup_sprite_4bpp_4x
                0x00093820                setup_sprite_8bpp_4x
                0x00093924                texture_sprite_blocks_8bpp
                0x000939d4                setup_sprite_16bpp
                0x00093b68                setup_sprite_16bpp_4x
                0x00093e90                setup_sprite_untextured
                0x00093f88                update_texture_4bpp_cache
                0x0009404c                update_texture_8bpp_cache_slice
                0x000940f4                scale2x_tiles8
 .text          0x00094160      0xcd4 plugins/cdrcimg/cdrcimg.o
                0x000949f0                uncompress2
                0x00094dd0                cdrcimg_set_fname
                0x00094de0                cdrcimg_get_sym
 .text          0x00094e34      0x158 plugins/dfinput/main.o
                0x00094e34                dfinput_activate
 .text          0x00094f8c      0x508 plugins/dfinput/pad.o
                0x00094f8c                PADpoll_pad
                0x000953c4                PADstartPoll_pad
                0x0009541c                pad_init
 .text          0x00095494      0x1bc plugins/dfinput/guncon.o
                0x00095494                PADpoll_guncon
                0x000954f4                PADstartPoll_guncon
                0x00095628                guncon_init
 .text          0x00095650      0x438 frontend/cspace.o
                0x00095650                bgr_to_uyvy_init
                0x00095758                rgb565_to_uyvy
                0x00095858                bgr555_to_uyvy
                0x00095958                bgr888_to_uyvy
 .text          0x00095a88      0x1b8 frontend/cspace_neon.o
                0x00095a88                bgr555_to_rgb565
                0x00095b4c                bgr888_to_rgb888
                0x00095b88                bgr888_to_rgb565
                0x00095be4                rgb888_to_rgb565
 .text          0x00095c40      0x5f4 frontend/libpicofe/in_sdl.o
                0x00096208                in_sdl_init
 .text          0x00096234      0x8d0 frontend/libpicofe/plat_sdl.o
                0x00096234                plat_sdl_finish
                0x000962cc                plat_sdl_overlay_clear
                0x00096338                plat_sdl_change_video_mode
                0x00096690                plat_sdl_event_handler
                0x000967a4                plat_sdl_init
 .text          0x00096b04       0x10 frontend/libpicofe/plat_dummy.o
                0x00096b04                plat_target_init
                0x00096b0c                plat_target_finish
                0x00096b10                plat_target_setup_input
 .text          0x00096b14      0xc44 frontend/libpicofe/linux/in_evdev.o
                0x00097748                in_evdev_init
 .text          0x00097758      0x700 frontend/plat_sdl.o
                0x000978ec                plat_init
                0x000979f8                plat_finish
                0x00097a28                plat_gvideo_open
                0x00097a2c                plat_gvideo_set_mode
                0x00097af0                plat_gvideo_flip
                0x00097b90                plat_gvideo_close
                0x00097b94                plat_video_menu_enter
                0x00097ce8                plat_video_menu_begin
                0x00097d58                plat_video_menu_end
                0x00097e34                plat_video_menu_leave
                0x00097e48                plat_prepare_screenshot
                0x00097e50                plat_trigger_vibrate
                0x00097e54                plat_minimize
 .text          0x00097e58     0x1330 frontend/plugin_lib.o
                0x000988c0                dispmode_doubleres
                0x00098968                dispmode_scale2x
                0x00098a08                dispmode_eagle2x
                0x00098aa8                pl_prepare_screenshot
                0x00098af0                pl_switch_dispmode
                0x00098b48                pl_update_gun
                0x00098b64                pl_frame_limit
                0x00099028                pl_timing_prepare
                0x000990a4                pl_start_watchdog
                0x00099100                pl_init
 .text          0x00099188      0x520 frontend/libpicofe/linux/plat.o
                0x00099188                plat_is_dir
                0x000991ac                plat_get_root_dir
                0x0009923c                plat_get_ticks_ms
                0x00099278                plat_get_ticks_us
                0x000992ac                plat_sleep_ms
                0x000992bc                plat_wait_event
                0x00099448                plat_mmap
                0x00099594                plat_mremap
                0x000995e0                plat_munmap
                0x0009966c                lprintf
 .text          0x000996a8      0x838 frontend/libpicofe/readpng.o
                0x000996a8                readpng
                0x00099c5c                writepng
 .text          0x00099ee0      0x25c frontend/libpicofe/fonts.o
                0x00099ee0                basic_text_out16_nf
                0x00099fe4                basic_text_out_uyvy_nf
                0x0009a0e4                basic_text_out16
 *fill*         0x0009a13c        0x4 00000000
 .text          0x0009a140     0x1860 frontend/libpicofe/arm/neon_scale2x.o
                0x0009a140                neon_scale2x_8_8
                0x0009a55c                neon_scale2x_16_16
                0x0009aca0                neon_scale2x_8_16
 .text          0x0009b9a0     0x1bf0 frontend/libpicofe/arm/neon_eagle2x.o
                0x0009b9a0                neon_eagle2x_8_8
                0x0009bf14                neon_eagle2x_16_16
                0x0009c774                neon_eagle2x_8_16
 .text          0x0009d590     0x6fa0 frontend/menu.o
                0x0009f6b8                emu_make_path
                0x0009f720                text_out16
                0x000a2020                menu_init_base
                0x000a235c                menu_init
                0x000a2b9c                menu_notify_mode_change
                0x000a2bb4                menu_prepare_emu
                0x000a2cc8                menu_loop
                0x000a30e0                menu_update_msg
                0x000a4504                menu_finish
 .text          0x000a4530     0x1880 frontend/libpicofe/input.o
                0x000a4654                in_register
                0x000a488c                in_combos_find
                0x000a4920                in_combos_do
                0x000a49e4                in_update
                0x000a4a7c                in_update_analog
                0x000a4ac0                in_update_keycode
                0x000a4da8                in_menu_wait_any
                0x000a4e1c                in_menu_wait
                0x000a4ec8                in_get_dev_binds
                0x000a4ee4                in_get_dev_def_binds
                0x000a4f08                in_get_config
                0x000a4fb8                in_set_config
                0x000a5120                in_get_dev_name
                0x000a51a4                in_name_to_id
                0x000a5210                in_get_key_name
                0x000a5338                in_get_key_code
                0x000a53bc                in_bind_key
                0x000a54d4                in_unbind_all
                0x000a5588                in_config_parse_dev
                0x000a5754                in_config_bind_key
                0x000a5938                in_clean_binds
                0x000a59d0                in_debug_dump
                0x000a5a84                in_probe
                0x000a5c20                in_register_driver
                0x000a5d80                in_init
 .text          0x000a5db0     0x1a3c frontend/main.o
                0x000a60f4                set_cd_image
                0x000a61b4                emu_set_default_config
                0x000a62b0                emu_core_preinit
                0x000a6330                emu_core_ask_exit
                0x000a6350                SysRunGui
                0x000a635c                SysReset
                0x000a63bc                SysClose
                0x000a6418                SysUpdate
                0x000a641c                get_state_filename
                0x000a642c                emu_check_state
                0x000a6464                emu_load_state
                0x000a64ac                SysPrintf
                0x000a695c                emu_on_new_cd
                0x000a69e8                emu_core_init
                0x000a6b40                emu_save_state
                0x000a6bb0                SysMessage
                0x000a6c1c                do_emu_action
                0x000a75f0                OpenPlugins
                0x000a7628                ClosePlugins
                0x000a770c                SysLoadLibrary
                0x000a77b8                SysLoadSym
                0x000a77d4                SysLibError
                0x000a77d8                SysCloseLibrary
 .text          0x000a77ec      0x150 frontend/plugin.o
                0x000a788c                plugin_link
                0x000a7908                plugin_call_rearmed_cbs
 *fill*         0x000a793c        0x4 00000000
 .text          0x000a7940      0x278 /media/BBB/lib/gcc/arm-linux-gnueabihf/4.9.1/libgcc.a(_udivsi3.o)
                0x000a7940                __udivsi3
                0x000a7940                __aeabi_uidiv
                0x000a7b9c                __aeabi_uidivmod
 .text          0x000a7bb8      0x2b0 /media/BBB/lib/gcc/arm-linux-gnueabihf/4.9.1/libgcc.a(_divsi3.o)
                0x000a7bb8                __divsi3
                0x000a7bb8                __aeabi_idiv
                0x000a7e4c                __aeabi_idivmod
 .text          0x000a7e68       0x2c /media/BBB/lib/gcc/arm-linux-gnueabihf/4.9.1/libgcc.a(_aeabi_uldivmod.o)
                0x000a7e68                __aeabi_uldivmod
 .text          0x000a7e94        0xc /media/BBB/lib/gcc/arm-linux-gnueabihf/4.9.1/libgcc.a(_dvmd_lnx.o)
                0x000a7e94                __aeabi_idiv0
                0x000a7e94                __aeabi_ldiv0
 .text          0x000a7ea0       0x14 /media/BBB/lib/gcc/arm-linux-gnueabihf/4.9.1/libgcc.a(_clear_cache.o)
                0x000a7ea0                __clear_cache
 .text          0x000a7eb4       0x60 /media/BBB/lib/gcc/arm-linux-gnueabihf/4.9.1/libgcc.a(bpabi.o)
                0x000a7eb4                __gnu_ldivmod_helper
                0x000a7ee4                __gnu_uldivmod_helper
 .text          0x000a7f14      0x19c /media/BBB/lib/gcc/arm-linux-gnueabihf/4.9.1/libgcc.a(_divdi3.o)
                0x000a7f14                __divdi3
 .text          0x000a80b0      0x11c /media/BBB/lib/gcc/arm-linux-gnueabihf/4.9.1/libgcc.a(_udivdi3.o)
                0x000a80b0                __udivdi3
 .text          0x000a81cc       0x48 /usr/lib/arm-linux-gnueabihf/libc_nonshared.a(elf-init.oS)
                0x000a81cc                __libc_csu_init
                0x000a8210                __libc_csu_fini
 .text          0x000a8214        0x0 /media/BBB/lib/gcc/arm-linux-gnueabihf/4.9.1/crtend.o
 .text          0x000a8214        0x0 /usr/lib/arm-linux-gnueabihf/crtn.o
 *(.gnu.warning)
 *(.glue_7t)
 .glue_7t       0x00000000        0x0 linker stubs
 *(.glue_7)
 .glue_7        0x00000000        0x0 linker stubs
 *(.vfp11_veneer)
 .vfp11_veneer  0x00000000        0x0 linker stubs
 *(.v4_bx)
 .v4_bx         0x00000000        0x0 linker stubs

.fini           0x000a8214        0x6
 *(.fini)
 .fini          0x000a8214        0x4 /usr/lib/arm-linux-gnueabihf/crti.o
                0x000a8214                _fini
 .fini          0x000a8218        0x2 /usr/lib/arm-linux-gnueabihf/crtn.o